[debug] [2026-02-01T09:45:54.379Z] ----------------------------------------------------------------------
[debug] [2026-02-01T09:45:54.381Z] Command:       /usr/local/bin/node /usr/local/bin/firebase deploy --only firestore:rules
[debug] [2026-02-01T09:45:54.381Z] CLI Version:   15.5.1
[debug] [2026-02-01T09:45:54.381Z] Platform:      darwin
[debug] [2026-02-01T09:45:54.381Z] Node Version:  v24.11.1
[debug] [2026-02-01T09:45:54.381Z] Time:          Sun Feb 01 2026 18:45:54 GMT+0900 (Japan Standard Time)
[debug] [2026-02-01T09:45:54.381Z] ----------------------------------------------------------------------
[debug] 
[debug] [2026-02-01T09:45:55.004Z] > command requires scopes: ["email","openid","https://www.googleapis.com/auth/cloudplatformprojects.readonly","https://www.googleapis.com/auth/firebase","https://www.googleapis.com/auth/cloud-platform"]
[debug] [2026-02-01T09:45:55.004Z] > authorizing via signed-in user (gongedonghuam@gmail.com)
[debug] [2026-02-01T09:45:55.004Z] [iam] checking project my-brain-145b1 for permissions ["datastore.indexes.create","datastore.indexes.delete","datastore.indexes.list","datastore.indexes.update","firebase.projects.get"]
[debug] [2026-02-01T09:45:55.005Z] Checked if tokens are valid: false, expires at: 1769938392973
[debug] [2026-02-01T09:45:55.005Z] Checked if tokens are valid: false, expires at: 1769938392973
[debug] [2026-02-01T09:45:55.005Z] > refreshing access token with scopes: []
[debug] [2026-02-01T09:45:55.006Z] >>> [apiv2][query] POST https://www.googleapis.com/oauth2/v3/token [none]
[debug] [2026-02-01T09:45:55.006Z] >>> [apiv2][body] POST https://www.googleapis.com/oauth2/v3/token [omitted]
[debug] [2026-02-01T09:45:55.229Z] <<< [apiv2][status] POST https://www.googleapis.com/oauth2/v3/token 200
[debug] [2026-02-01T09:45:55.229Z] <<< [apiv2][body] POST https://www.googleapis.com/oauth2/v3/token [omitted]
[debug] [2026-02-01T09:45:55.241Z] >>> [apiv2][query] POST https://cloudresourcemanager.googleapis.com/v1/projects/my-brain-145b1:testIamPermissions [none]
[debug] [2026-02-01T09:45:55.241Z] >>> [apiv2][(partial)header] POST https://cloudresourcemanager.googleapis.com/v1/projects/my-brain-145b1:testIamPermissions  x-goog-user-project=my-brain-145b1
[debug] [2026-02-01T09:45:55.241Z] >>> [apiv2][body] POST https://cloudresourcemanager.googleapis.com/v1/projects/my-brain-145b1:testIamPermissions {"permissions":["datastore.indexes.create","datastore.indexes.delete","datastore.indexes.list","datastore.indexes.update","firebase.projects.get"]}
[debug] [2026-02-01T09:45:56.159Z] <<< [apiv2][status] POST https://cloudresourcemanager.googleapis.com/v1/projects/my-brain-145b1:testIamPermissions 200
[debug] [2026-02-01T09:45:56.159Z] <<< [apiv2][body] POST https://cloudresourcemanager.googleapis.com/v1/projects/my-brain-145b1:testIamPermissions {"permissions":["datastore.indexes.create","datastore.indexes.delete","datastore.indexes.list","datastore.indexes.update","firebase.projects.get"]}
[info] 
[info] === Deploying to 'my-brain-145b1'...
[info] 
[info] i  deploying firestore 
[info] i  firestore: ensuring required API firestore.googleapis.com is enabled... 
[info] i  firestore: ensuring required API firestore.googleapis.com is enabled... 
[debug] [2026-02-01T09:45:56.161Z] Checked if tokens are valid: true, expires at: 1769942754229
[debug] [2026-02-01T09:45:56.161Z] Checked if tokens are valid: true, expires at: 1769942754229
[debug] [2026-02-01T09:45:56.161Z] >>> [apiv2][query] GET https://firestore.googleapis.com/v1/projects/my-brain-145b1/databases/(default) [none]
[debug] [2026-02-01T09:45:57.207Z] <<< [apiv2][status] GET https://firestore.googleapis.com/v1/projects/my-brain-145b1/databases/(default) 200
[debug] [2026-02-01T09:45:57.207Z] <<< [apiv2][body] GET https://firestore.googleapis.com/v1/projects/my-brain-145b1/databases/(default) {"name":"projects/my-brain-145b1/databases/(default)","uid":"321d2a39-0c0e-4962-9b2d-0ce98c660555","createTime":"2026-01-17T04:08:41.069901Z","updateTime":"2026-01-17T04:08:41.069901Z","locationId":"nam5","type":"FIRESTORE_NATIVE","concurrencyMode":"PESSIMISTIC","versionRetentionPeriod":"3600s","earliestVersionTime":"2026-02-01T08:45:57.146587Z","appEngineIntegrationMode":"DISABLED","keyPrefix":"s","pointInTimeRecoveryEnablement":"POINT_IN_TIME_RECOVERY_DISABLED","deleteProtectionState":"DELETE_PROTECTION_DISABLED","databaseEdition":"STANDARD","freeTier":true,"realtimeUpdatesMode":"REALTIME_UPDATES_MODE_ENABLED","etag":"IM6x8ZWBuJIDMPjSybfakZID"}
[info] i  firestore: reading indexes from firestore.indexes.json... 
[info] i  cloud.firestore: checking firestore.rules for compilation errors... 
[debug] [2026-02-01T09:45:57.210Z] Checked if tokens are valid: true, expires at: 1769942754229
[debug] [2026-02-01T09:45:57.211Z] Checked if tokens are valid: true, expires at: 1769942754229
[debug] [2026-02-01T09:45:57.211Z] >>> [apiv2][query] POST https://firebaserules.googleapis.com/v1/projects/my-brain-145b1:test [none]
[debug] [2026-02-01T09:45:57.211Z] >>> [apiv2][body] POST https://firebaserules.googleapis.com/v1/projects/my-brain-145b1:test [omitted]
[debug] [2026-02-01T09:45:58.392Z] <<< [apiv2][status] POST https://firebaserules.googleapis.com/v1/projects/my-brain-145b1:test 200
[debug] [2026-02-01T09:45:58.392Z] <<< [apiv2][body] POST https://firebaserules.googleapis.com/v1/projects/my-brain-145b1:test {}
[info] ✔  cloud.firestore: rules file firestore.rules compiled successfully 
[debug] [2026-02-01T09:45:58.394Z] Checked if tokens are valid: true, expires at: 1769942754229
[debug] [2026-02-01T09:45:58.394Z] Checked if tokens are valid: true, expires at: 1769942754229
[debug] [2026-02-01T09:45:58.394Z] >>> [apiv2][query] GET https://firebaserules.googleapis.com/v1/projects/my-brain-145b1/releases pageSize=10&pageToken=
[debug] [2026-02-01T09:45:59.640Z] <<< [apiv2][status] GET https://firebaserules.googleapis.com/v1/projects/my-brain-145b1/releases 200
[debug] [2026-02-01T09:45:59.641Z] <<< [apiv2][body] GET https://firebaserules.googleapis.com/v1/projects/my-brain-145b1/releases {"releases":[{"name":"projects/my-brain-145b1/releases/cloud.firestore","rulesetName":"projects/my-brain-145b1/rulesets/8d410aa1-1546-4e95-b122-e2d75b63d673","createTime":"2026-01-17T04:08:46.516004Z","updateTime":"2026-02-01T09:13:29.136193Z"},{"name":"projects/my-brain-145b1/releases/firebase.storage/my-brain-145b1.firebasestorage.app","rulesetName":"projects/my-brain-145b1/rulesets/e45d95b1-e83a-4c97-a3c8-80b36c9dc497","createTime":"2026-01-18T14:37:20.978260Z","updateTime":"2026-01-18T14:37:20.978260Z"}]}
[debug] [2026-02-01T09:45:59.654Z] Checked if tokens are valid: true, expires at: 1769942754229
[debug] [2026-02-01T09:45:59.654Z] Checked if tokens are valid: true, expires at: 1769942754229
[debug] [2026-02-01T09:45:59.654Z] >>> [apiv2][query] GET https://firebaserules.googleapis.com/v1/projects/my-brain-145b1/rulesets/8d410aa1-1546-4e95-b122-e2d75b63d673 [none]
